type octile
height 256
width 256
map
......................................................................................@@@@@@@@@@@...........................................................................@@@@@@@@@@@@@@@@@@@............@@@@@@@@@@@@@@@@@.........@.@@@@@@@@@................
........................................................................................@@@@@@@@@@@.........................................................................@@@@@@@@@@@@@@@@@@@............@@@@@@@@@@...@@@.........@@@@@@@@@@..................
..............................................................@..........................@@@@@@@@@@.........................................................................@@@@@@@.....@@@@@@@............@@@@@@@@.................@@@@@@@@@...................
.............................................................@@@.........................@@@@@@@@@@.........................................................................@@@@@@@.....@@@@@@@............@@@@@@@@................@@@@@@@@@...................@
............................................................@@@@@.........................@@@@@@@@@@....................................................................@@@@@@@@@@@@@@@@@@@@@@@............@@@@@@@@...............@@@@@@@@@..................@@@
..........................................................@@@@@@@@..........................@@@@@@@@@...................................................................@@@@@@@@@@@@@@@@@@@@@@@............@@@@@@@@.............@@@@@@@@@@..................@@@@
.........................................................@@@@@@@@@@.........................@@@@@@@@@@..................................................................@@@@@@@@@@@@@@@@@@@@@@@............@@@@@@@@.............@@@@@@@@@..................@@@@@
........................................................@@@@@@@@@@@@.........................@@@@@@@@@@.................................................................@@@@@...........@@@@@@@............@@@@@@@.............@@@@@@@@@..................@@@@@@
.......................................................@@@@@@@@@@@@@@.........................@@@@@@@@@@.................................................................@@@@......@@@..@@@@@@@............@@@@@@@............@@@@@@@@@..................@@@@@@.
......................................................@@@@@@@@@@@@@@@..........................@@@@@@@@@.................................................................@@@@@@@@@@@@@..@@@@@@@............@@@@@@@...........@@@@@@@@@..................@@@@@@..
.....................................................@@@@@@@@@@@@@@@@@.........................@@@@@@@@@@................................................................@@@@@@@@@@@@@@.@@@@@@@............@@@@@@@..........@@@@@@@@@....................@@@@...
...................................................@@@@@@@@@@@@@@@@@@@@.........................@@@@@@@@@@...............................................................@@@@@@@@@@@@@@@@@@@@@@............@@@@@@@.........@@@@@@@@@@......................@....
..................................................@@@@@@@@@@@@@@@@@@@@@@.........................@@@@@@@@@@.........................................................................@@@@@@@@@@@............@@@@@@@..........@@@@@@@.............................
.................................................@@@@@@@@@@@@@@@@@@@@@@@..........................@@@@@@@@@@........................................................................@@@@@@@@@@@............@@@@@@@@.........@@@@@@..............................
................................................@@@@@@@@@@@@@@@@@@@@@@@@@..........................@@@@@@@@@@...........................................................................@@@@@@@...................@...........@@@...............................
................................................@@@@@@@@@@@@@@@@@@@@@@@@@@..........................@@@@@@@@@@..........................................................................@@@@@@@................................@................................
................................................@.@@@@@@@@@@@@@@@@@@@@@@@@@..........................@@@@@@@@@@.........................................................................@@@@@@@.................................................................
...................................................@@@@@@@@@@@@@@@@@@@@@@@@@..........................@@@@@@@@@@....................................................................@@@@@@@@@@@.................................................................
....................................................@@@@@@@@@@@@@@@@@@@@@@@............................@@@@@@@@@@...................................................................@@@@@@@@@@@.................................................................
.....................................................@@@@@@@@@@@@@@@@@@@@@..............................@@@@@@@@@...................................................................@@@@@@@@@@@@................................................................
......................................................@@@@@@@@@@@@@@@@@@@................................@@@@@@@@@..................................................................@@@@@@@@@@@@................................................................
.......................................................@@@@@@@@@@@@@@@@@..................................@@@@@@@@@.....................................................................@@@@@@@@................................................................
........................................................@@@@@@@@@@@@@@@....................................@@@@@@@@@....................................................................@@@@@@@@................................................................
..........................................................@@@@@@@@@@@.......................................@@@@@@@@@...................................................................@@@@@@@@................................................................
...........................................................@@@@@@@@@.........................................@@@@@@@@@..................................................................@@@@@@@@................................................................
............................................................@@@@@@@..........................................@@@@@@@@@@.................................................................@@@@@@@@................................................................
.............................................................@@@@@............................................@@@@@@@@@@................................................................@@@@@@@@................................................................
..............................................................@@@..............................................@@@@@@@@@@.........................................................@@@...@@@@@@@@................................................................
...............................................................@................................................@@@@@@@@@@.....................................................@@@@@@@@@@@@@@@@@................................................................
.................................................................................................................@@@@@@@@@@....................................................@@@@@@@@@@@@@@@@@................................................................
..................................................................................................................@@@@@@@@@....................................................@@@@@@@@@@@@@@@@@................................................................
...................................................................................................................@@@@@@@@@............................................................@@@@@@@@................................................................
....................................................................................................................@@@@@@@@@...........................................................@@@@@@@@................................................................
.....................................................................................................................@@@@@@@@@..........................................................@@@@@@@@................................................................
......................................................................................................................@@@@@@@@@.........................................................@@@@@@@@................................................................
.......................................................................................................................@@@@@@@@@.......................................................@@@@@@@@@................................................................
........................................................................................................................@@@@@@@........................................................@@@@@@@@@................................................................
.........................................................................................................................@@@@@.........................................................@@@@@@@@@................................................................
..........................................................................................................................@@@............................................................@@@@@@.................................................................
...........................................................................................................................@.............................................................@@@@@@.................................................................
.........................................................................................................................................................................................@@@@@@.................................................................
.........................................................................................................................................................................................@@@@@@.................................................................
.........................................................................................................................................................................................@@@@@@.................................................................
.........................................................................................................................................................................................@@@@@@.................................................................
.........................................................................................................................................................................................@@@@@@.................................................................
..........................................................................................................................................................................................@@@@@.................................................................
..........................................................................................................................................................................................@@@@@....................@............................................
..........................................................................................................................................................................................@@@@@..................@@@@...........................................
..........................................................................................................................................................................................@@@..................@@@@@@@..........................................
..............................................................................................................................................................................................................@@@@@@@@@.........................................
.............................................................................................................................................................................................................@@@@@@@@@@@........................................
.@...........................................................................................................................................................................................................@@@@@@@@@@@@.......................................
@@@.........................................................................................................................................................................................................@@@@@@@@@@@@@@......................................
@@@........................................................................................................................................................................................................@@@@@@@@@@@@@@@@.....................................
@@@@...........................................................................................................@@@@.......................................................................................@@@@@@@@@@@@@@@@@@....................................
@@@@@..........................................................................................................@@@@......................................................................................@@@@@@@@@@@@@@@@@@@@...................................
@@@@@@......................................................................................................@@@@@@@@...................................................................................@@@@@@@@@@@@@@@@@@@@@@@..................................
@@@@@@.....................................................................................................@@@@@@@@@@..................................................................................@@@@@@@@@@@..@@@@@@@@@@@.................................
@@@@@@@..................................................................................................@@@@@@@@@@@@@................................................................................@@@@@@@@@@@....@@@@@@@@@@@................................
@@@@@@@@..........................................XX....................................................@@@@@@@@@@@@@@@..............................................................................@@@@@@@@@@@......@@@@@@@@@@@...............................
@@@@@@@@@..........................................X...................................................@@@@@@@@@@@@@@@@@@...........................................................................@@@@@@@@@@@........@@@@@@@@@@@..............................
@@@@@@@@@..........................................X..................................................@@@@@@@@@@@@@@@@@@@@.........................................................................@@@@@@@@@@@..........@@@@@@@@@@@.............................
@@@@@@@@@@.........................................X.................................................@@@@@@@@@@@@@@@@@@@@@@......................................................................@@@@@@@@@@@@............@@@@@@@@@@@............................
@@@@@@@@@@@........................................X................................................@@@@@@@@@@@@@@@@@@@@@@@.....................................................................@@@@@@@@@@@@@@............@@@@@@@@@@@...........................
@@@@@@@@@@@@.......................................X..............................................@@@@@@@@@@@@@...@@@@@@@@@@...................................................................@@@@@@@@@@@@@@@@............@@@@@@@@@@@..........................
@@@@@@@@@@@@.......................................X.............................................@@@@@@@@@@@@......@@@@@@@@@@.................................................................@@@@@@@@@@@@@@@@@@............@@@@@@@@@@..........................
@@@@@@@@@@@@@......................................X...........................................@@@@@@@@@@@@@........@@@@@@@@@@.................................................................@@@@@@@@@@@@@@@@@@............@@@@@@@@@@.........................
@@@@@@@@@@@@@@.....................................X..........................................@@@@@@@@@@@@...........@@@@@@@@@@.................................................................@@@@@@@@@@@@@@@@@@...........@@@@@@@@@@@........................
@@@@@@@@@@@@@@@....................................X........................................@@@@@@@@@@@@@.............@@@@@@@@@@.................................................................@@@@@@.@@@@@@@@@@@...........@@@@@@@@@@@.......................
@@@@@@@@@@@@@@@....................................X.......................................@@@@@@@@@@@@@...............@@@@@@@@@@.................................................................@@@@...@@@@@@@@@@@...........@@@@@@@@@@@......................
@@@@@@@@@@@@@@@@...................................XXXX...................................@@@@@@@@@@@@..................@@@@@@@@@@..............................................................@..@......@@@@@@@@@@@...........@@@@@@@@@@@................@@...
@@@@@@@@@@@@@@@@@.....................................X.................................@@@@@@@@@@@@@....................@@@@@@@@@@............................................................@@@.........@@@@@@@@@@............@@@@@@@@@@@..............@@@@@.
@@@@@@@@@@@@@@@@@@....................................XXXX.............................@@@@@@@@@@@@@......................@@@@@@@@@@.........................................................@@@@@..........@@@@@@@@@@............@@@@@@@@@@@............@@@@@@@
@@@@@@@@@@@@@@@@@@.......................................XX...........................@@@@@@@@@@@@@........................@@@@@@@@@@.......................................................@@@@@@@..........@@@@@@@@@@............@@@@@@@@@@@...........@@@@@@@
@@@@@@@@@@@@@@@@@@@.......................................X..........................@@@@@@@@@@@@...........................@@@@@@@@.......................................................@@@@@@@@@..........@@@@@@@@@@............@@@@@@@@@@@...........@@@@@@
@@@@@@@@@@@@@@@@@@@@......................................X.........................@@@@@@@@@@@@............@................@@@@@@.........................................................@@@@@@@@...........@@@@@@@@@@............@@@@@@@@@............@@@@@@
@@@@@@@@@@@@@@@@@@@@@.....................................X.......................@@@@@@@@@@@@@...........@@@@................@@@............................................................@@@@@@@@..........@@@@@@@@@@@............@@@@@@@..............@@@@@
@@@@@@@@@@@@@@@@@@@@@.....................................XX.....................@@@@@@@@@@@@@...........@@@@@.@@..............@......................................................@.....@@@@@@@@@...........@@@@@@@@@@@............@@@@@.................@@@
@@@@@@@@@@@@@@@@@@@@@@.....................................X....................@@@@@@@@@@@@@...........@@@@@@@@@@.@................................................................@@@@..@@@@@@@@@@@@...........@@@@@@@@@@@............@@@.....................
@@@@@@@@@@@@@@@@@@@@@@@....................................X...................@@@@@@@@@@@@...........@@@@@@@@@@@@@@@.....................@........................................@@@@@.@@@@@@@@@@@@@@...........@@@@@@@@@@@............@......................
@@@@@@@@@@@@@@@@@@@@@@@@...................................X.................@@@@@@@@@@@@@...........@@@@@@@@@@@@@@@@@...................@@@........................................@@@@@@@@@@@@@@@@@@@............@@@@@@@@@....................................
@@@@@@@@@@@@@@@@@@@@@@@@...................................X................@@@@@@@@@@@@@.............@@@@@@@@@@@@@@@@@.................@@@@@.......................................@@@@@@@@@@@@@@.@@@@@............@@@@@@@.....................................
@@@@@@@@@@@@@@@@@@@@@@@@@..................................X...............@@@@@@@@@@@@@...............@@@@@@@@@@@@@@@@@................@@@@@@.......................................@@@@@@@@@@@@...@@@@.............@@@@@......................................
@@@@@@@@@@@@@@@@@@@@@@@@@@.................................X................@@@@@@@@@@.........@........@@@@@@@@@@@@@@@@@..............@@@@@@@@.......................................@@@@@@@@@@....@@@@@.............@@@.......................................
@@@@@@@@@@@@@@@@@@@@@@@@@..................................X.................@@@@@@@..........@@@........@@@@@@@@@@@@@@@@@............@@@@@@@@@@.......................................@@@@@@@.......@@@...............@........................................
@@@@@@@@@@@@@@@@@@@@@@@@...................................X.................@@@@@@@.........@@@@@........@@@@@@@@@@@@@@@..............@@@@@@@@@@......................................@@@@@@.........@.........@...............................................
@@@@@@@@@@@@@@@@@@@@@@.....................................X..................@@@@@...........@@@@@........@@@@@@@@@@@@@................@@@@@@@@@@......................................@@@@@@..........@......@@@..............................................
@@@@@@@@@@@@@@@@@@@@@......................................X...................@@@@...........@@@@@@........@@@@@@@@@@.................@@@@@@@@@@@@......................................@@@@@@........@@@.....@@@..............................................
@@@@@@@@@@@@@@@@@@@@.......................................X....................@@@@........@..@@@@@.....@...@@@@@@@@.................@@@@@@@@@@@@........................................@@@@@......@@@@@......@...............................................
@@@@@@@@@@@@@@@@@@.........................................X....................@@@@@......@@..@@@@@@...@@@...@@@@@@.................@@@@@@@@@@@@.........................................@@@@@@....@@@@@.......................................................
@@@@@@@@@@@@@@@@@..........................................X.....................@@@@.....@@@.@@@@@@@@.@@@@@...@@@@.................@@@@@@@@@@@@...........................................@@@@....@@@@@@@......................................................
@@@@@@@@@@@@@@@@...........................................X......................@@@@...@@@@@@@@@@@@@@@@@@@@.@@@@.................@@@@@@@@@@@@.............................................@.......@@@@@.......................................................
@@@@@@@@@@@@@@.............................................X......................@@@@@..@@@@@@@@@@@@@@@@@@@@@@@@@@...............@@@@@@@@@..@.......................................................@.@........................................................
.@@@@@@@@@@@@..............................................X.......................@@@@...@@@@@@@@@@@@@@@@@@@@@@@@@@.............@@@@@@@@@......................................................................................................................
.@@@@@@@@@@@...............................................X........................@@@@@@@@@@@@@@@@@@@@@@@@@@@@@@@@@...........@@@@@@@@@.......................................................................................................................
..@@@@@@@@.................................................X........................@@@@@@@@@@@@@@.@.@@@@@@@@@@@@@@@@..........@@@@@@@@@........................................................................................................................
@.@@@@@@@..................................................X.......................@@@@@@@@@@@@@@....@@@@@@@@@@@@@@@@@........@@@@@@@@@.........................................................................................................................
@..@@@@@...................................................X......................@@@@@@@@@@@@@.......@@@@@@@@@@@@@@@@@@.....@@@@@@@@@@.........................................................................................................................
@@.@@@.....................................................X.....................@@@@@@@@@@@@@.........@@@@@@@@@@@@@@@@@@...@@@@@@@@@@..........................................................................................................................
@@..@......................................................X....................@@@@@@@@@@@@@..........@@@@@@@@@@@@@@@@@...@@@@@@@@@@@..........................................................................................................................
@.@........................................................X.....................@@@@@@@@@@@@...........@@@@@@.@@@@@@@@...@@@@@@@@@@@...........................................................................................................................
.@@@.......................................................X......................@@@@@@@@@@...........@@@@@@...@@@@@@...@@@@@@@@@@@............................................................................................................................
@@@@@......................................................X......................@@@@@@@@@@@.........@@@@@@.....@@@@@@.@@@@@@@@@@@.............................................................................................................................
@@@@@@.........................................@...........X.......................@@@@@@@@@@........@@@@@@@......@@@@@@@@@@@@@@@@..............................................................................................................................
@@@@@@.......................................@@@@..........X........................@@@@@@@@@@......@@@@@@@........@@@@@@@@@@@@@@@..............................................................................................................................
@@@@@@@.....................................@@@@@..........X.........................@@@@@@@@@@....@@@@@@@..........@@@@@@@@@@@@@...............................................................................................................................
@@@@@@.....................................@@@@@@@.........X.........................@@@@@@@@@@@..@@@@@@@@@..........@@@@@@@@@@@................................................................................................................................
@@@@@....................................@@@@@@@@@@........X..........................@@@@@@@@@@.@@@@@@@@@@@..........@@@@@@@@@.................................................................................................................................
@@@@....................................@@@@@@@@@@@........X........................@@@@@@@@@@@@@@@@@@@@@@@............@@@@@@@........................................@.........................................................................................
@@....................................@@@@@@@@@@@@@@.......X.......................@@@@@@@@@@@@@@@@@@@@@@@@@@...........@@@@@@@......................................@@@.......................................................................................@
@....................................@@@@@@@@@@@@@@........X........@.............@@@@@@@@@@@@@@@@@@@@@@@@@@.............@@@@@@@....................................@@@@@.....................................................................................@@
...................................@@@@@@@@@@@@@@@.........X.......@@@..........@@@@@@@@@@@@@.@@@@@@@@@@@@@@@.............@@@@@@...................................@@@@@@@...................................................................................@@@
..................................@@@@@@@@@@@@@@@..........X.....@@@@@@........@@@@@@@@@@@@@...@@@.@@@@@@@@@@@..............@@@@@................................@@@@@@@@@@................................................................................@@@@@
.................................@@@@@@@@@@@@@@............X....@@@@@@@.......@@@@@@@@@@@@.....@@@..@@@@@@@@@@@............@@@@@@@..............................@@@@@@@@@@@@@............................................................................@@@@@@@
................................@@@@@@@@@@@@@@.............XXX.@@@@@@@@@....@@@@@@@@@@@@@.......@....@@@@@@@@@@@..........@@@@@@@@@...........................@@@@@@@@@@@@@@@@.........................................................................@@@@@@@@.
..............................@@@@@@@@@@@@@.@................X..@@@@@@@@@.@@@@@@@@@@@@@@..............@@@@@@@@@@@@.......@@@@@@@@@@@.........................@@@@@@@@@@@@@@@@@@......................................................................@@@@@@@@@@.
.............................@@@@@@@@@@@@@...................XXX.@@@@@@@@@.@@@@@@@@@@@@................@@@@@@@@@@@@.....@@@@@@@@@@@@@.......................@@@@@@@.@.@@@@@@@@@@...................................................................@@@@@@@@@@@@.
............................@@@@@@@@@@@@@........@.............X.@@@@@@@@@.@@@@@@@@@@........@..........@@@@@@@@@@@@...@@@@@@@@@@@@@@@....................@@@@@@@@....@@@@@@@@@@@.................................................................@@@@@@@@@@@@@@
...........................@@@@@@@@@@@@@..........@.......@....XXX@@@@@@@@@.@@@@@@@@.......@@@@..........@@@@@@@@@@@@.@@@@@@@@@@@@@@@@@..................@@@@@@@.......@@@@@@@@@@@..............................................................@@@@@@@@@...@@@@
..........................@@@@@@@@@@@@@...........@@.....@@@.....X.@@@@@@@@@@@@@@@@.......@@@@@@..........@@@@@@@@@@@@@@@@@@@@@@@@@@@@@@................@@@@@@@.........@@@@@@@@@@.............................................................@@@@@@@@.....@@@@
...........................@@@@@@@@@@@.............@....@@@@@....XXX@@@@@@@@@@@@@........@@@@@@@...........@@@@@@@@@@@@@@@@@@@@.@@@@@@@@@.............@@@@@@@@...........@@@@@@@@@@..........................................................@@@@@@@@@@......@@@
............................@@@@@@@@...................@@@@@@@.....X.@@@@@@@@@.@.......@@@@@@@@@@...........@@@@@@@@@@@@@@@@@@...@@@@@@@@@...........@@@@@.@..............@@@@@@@@@@.......................................................@@@@@@@@@@@@@.....@@@
............................@@@@@@@..................@@@@@@@@@@....X.@@@@@@@@.........@@@@@@@@@@@@...........@@@@@@@@@@@@@@@@.....@@@@@@@@@.........@@@@@@@..............@@@@@@@@@@@@.....................................................@@@@@@.@@@@@@@@...@@@@
.............................@@@@...................@@@@@@@@@@@@...XXX@@@@@@........@@@@@@@@@@@@@@@...........@@@@@@@@@@@@@@......@@@@@@@@........@@@@@@@@@@..........@.@@@@@@@@@@@@@...................................................@@@@@@@..@@@@@@@..@@@@@@
..............................@@...................@@@@@@@@@@@@@@....X.@..@........@@@@@@@@@@@@@@@@............@@@@@@@@@@@@........@@@@@@........@@@@@@@@@@@.........@@@@@@@@@@@@@@@@@.................................................@@@@@@@...@@@@@@@@.@@@@@@
..................................................@@@@@@@@@@@@@@.....X...........@@@@@@@@@@@@@@@@@@@............@@@@@@@@@@..........@@@...........@@@@@@@@@@@.@......@@@@@@@@@@@@@@@@@@.............................................@...@@@@@....@@@@@@@@@@@@@@@
................................................@@@@@@@@@@@@@@@......X..........@@@@@@@@@@@@@@@@@@@..............@@@@@@@@@@..........@............@@@.@@@@@@@@@....@@@@@@@@@@@@@@@@@@@@@..........................................@@@@...@@.......@@@@@@@@@@@@@@
...............................................@@@@@@@@@@@@@@........X.........@@@@@@@@@@@@@@@@@@.................@@@@@@@@@@.......................@..@@@@@@@@@...@@@@@@@@@@@@@@@@@@@@@@.........................................@@@@@............@@@@@@@@@@@@@@
.............................................@@@@@@@@@@@@@@@@........X.......@@@@@@@@@@@@@@@@@@@...................@@@@@@@@@@..........................@@@@@@@@@@@@@@@@@@@@@@@@@@@@@@@@@@......................................@@@@@@@@...........@@@@@@@@@@@@@@
............................................@@@@@@@@@@@@@@@@.........XXXXXXX@@@@@@@@@@@@@@@@@@@.....................@@@@@@@@@..........................@@@@@@@@@@@@@@@@@@@@@@@@@@@@@@@@@@@...................................@@@@@@@@@@........@@@@@@@@@@@@@@@@@
...........................................@@@@@@@@@@@@@@@@................X@@@@@@@@@@@@@@@@@........................@@@@@@@@@..........................@@@@@@@@@@@@@@@@@@@@@@@@@@@@@@@@@@@.................................@@@@@@@@@@@@.....@@@@@@@@@@@@@@@@@@@
..........................................@@@@@@@@@@@@@@@@.................X.@@@@@@@@@@@@@@@..........................@@@@@@@@@..........................@@@@@@@@@@@@@@@@@@@@@@@@@@@@@@@@@@@..............................@@@@@@@@@@@@@@@..@@@@@@@@@@@@@@@@@@@..
.........................................@@@@@@@@@@@@@@@...................X.@@@@@@@@@@@@@.............................@@@@@@@...........................@@@@@@@@@@@@@@@@@@@@@@@@@@@@@@@@@@@.............................@@@@@@@@@@@@@@@@...@@@@@@@@@@@@@@@@....
.........@..............................@@@@@@@@@@@@@@@....................X@@@@@@@@@@@@@@@.............................@@@@@.............................@@@@@@@@@@@@@@@@@@@@@@@@@@@@@@@@@@@..........................@@@@@@@.@@@@@@@@@@@...@@@@@@@@@@@@@......
........@@@...........................@@@@@@@.@@@@@@@......................X.@@@@@@@@@@@.@@..............................@@@.............................@@@@@@@@@@@@@@@@@@@@@@@@@@@@@@@@@@@@@........................@@@@@@@...@@@@@@@@@@.@@@@@@@@@@@@.........
......@@@@@@.........................@@@@@@@...@@@@........................X.@@@@@@@@@...@@@..............................@.............................@@@@@@@@@@@@@@@@@@@@@@@@@@@@@@@@@@@@@@@.....................@@@@@@@@@....@@@@@@@@@@@@@@@@@@.............
.....@@@@@@@........................@@@@@@@@@...@..........................X..@@@@@@......@@@..........................................................@@@@@@@@@@@@@@@@@@@@@@@@@@@@@@@@@@@@@@@.....................@@@@@@@@@@@...@@@@@@@@@@@@@@@................
....@@@@@@@@@......................@@@@@@@@@@@.............................X...@.@.........@@...........................................................@@@@@@@@@@@@@@@@@@@@@@@@@@@@@@@@@@@@........................@@@@@@@@@@..@@@@@@@@@@@@@@..................
..@@@@@@@@@@@@...................@@@@@@@@@@@@@@............................XXX.............@@@...........................................................@@@@@@@@@@@@@@@@@@@@@@@@@@@@@@@@@..........................@@@@@@@@@@@@@@@@@@@@@@@@....................
.@@@@@@@@@@@@...................@@@@@@@@@@@@@@@..............................X..............@@@.........................................................@@@@@@@@@@@@@@@@@@@@@@@@@@@@@@@@@............................@@@@@@@@@@@@@@@@@@@@@......................
@@@@@@@@@@@@...................@@@@@@@@@@@@@@@@@.............................X...............@@.........................................................@@@@@@@@@@@@@@@@@@@@@@@@@@@@@@@...............................@@@@@@@@@@@@@@@@@@........................
@@@@@@@@@@@...................@@@@@@@@@@@@@@@@@..............................XXX.............@@@.........................................................@@@@@@@@@@@@@@@@@@@@@@@@@@@@..................................@@@@@@@@@@...@@.........................@
.@@@@@@@@@...................@@@@@@@@@@@@@@@@@@@...............................X..............@@@........................................................@@@@@@@@@@@@@@@@@@@@@@@@@@....................................@@@@@@@@@.............................@@@
.@@@@@@@@..................@@@@@@@@@@@@@@@@@@@@@@..............................X.............@@@@@........................................................@@@@@@@@@@@@@@@@@@@@@@@@......................................@@@@@@...............................@@@
..@@@@@...................@@@@@@@@.@@@@@@@@@@@@@@..............................X............@@@@@@........................................................@@@@@@@@@@@@@@@@@@@@@@........................................@@@@..................................@@
..@@@@...................@@@@@@@@...@@@@@@@@@@@@@@.............................X.............@@@@@@..........@.............................................@@@@@@@@@@@@@@@@@@@...........................................@....................................@@
...@@.....................@@@@@.....@@@@@@@@@@@@@@@............................X.............@@@@@@@.......@@@@............................................@@@@@@@@@@@@@@@@@@.......................................................................@@.........@
...........................@@@.......@@@@@@@@@@@@@@@...........................X..............@@@@@@@...@@@@@@@@............................................@@@@@@@@@@@@@@@.......................................................................@@@@.........@
............................@.........@.@@@@@@@@@@@@@..........................X..............@@@@@@@..@@@@@@@@@.............................................@@@@@@@@@@@@..................@...................................................@@@@@@@@.........
........................................@@@@@@@@@@@@@..........................X...............@@@@@@@.@@@@@@@@@@@...........................................@@@@@@@@@@..................@@@@................................................@@@@@@@@@@.........
.........................................@@@@@@@@@@@@@.........................X................@@@@@@@@@@@@@@@@@@............................................@@@@@@@...................@@@@@.............................................@@@@@@@@@@@@@.........
..........................................@@@@@@@@@@@@@........................X................@@@@@@@@@@@@@@@@@................................................@@...................@@@@@@@@........................................@@@@@@@@@@@@@@@@@@........
...........................................@@@@@@@@@@@.........................X.................@@@@@@@@@@@@@@.....................................................................@@@@@@@@@@.....................................@@@@@@@@@@@@@@@@@@@@@........
...........................................@@@@@@@@@@@@........................X.................@@@@@@@@@@@@@.....................................................................@@@@@@@@@@@@..................................@@@@@@@@@@@@@@@@@@@@@.........@
............................................@@@@@@@@.@.........................X..................@@@@@@@@@@.....................................................................@@@@@@@@@@@@@@..................................@@@@@@@@@@@@@@@@@@@.........@@@
.............................................@@@@@@@...........................X..................@@@@@@@@@@@...................................................................@@@@@@@@@@@@@@@@.................................@@@@@@@@@@@@@@@@@.........@@@@@
...........................................@@@@@@@@@@..........................X.................@@@@@@@@@@@@@...................................................................@@@@@@@@@@@@@@@@.................................@@@@@@@@@@@@@@..........@@@@@@
..........................................@@@@@@@@@@@..........................X.................@@@@@@@@@@@@@@..................................................................@@@@@@@@@@@@@@@@@.................................@@@@@@@@@@@..........@@@@@@@.
........................................@@@@@@@@@@@@@@.........................X..................@@.@@@@@@@@@@...................................................................@@@@@@@@@@@@@@@..................................@@@@@@@@@@@........@@@@@@@...
......................................@@@@@@@@@@@@@@@@@........................X......................@@@@@@@@@@...................................................................@@@@@@@@@@@@.....................................@@@@@@@@@@......@@@@@@@@@..@
.....................................@@@@@@@@@@@@@@@@@.........................X........................@@@@@@@@@..................................................................@@@@@@@@@@....................@...................@@@@@@@@@@...@@@@@@@@@@@@@@
...................................@@@@@@@@@@@@@@@@@...........................X........................@@@@@@@@@@.................................................................@@@@@@@@@...................@@@@...................@@@@@@@@@.@@@@@@@@@@@@@@@@
..................................@@@@@@@@@@@@@@@@@............................X.........................@@@@@@@@@@.................................................................@@@@@@....................@@@@@...................@@@@@@@@@@@@@@@@@@@@@@@@@@
................................@@@@@@@@@@@@@@@@@..............................X.........................@@@@@@@@@@.................................................................@@@@....................@@@@@@@@...................@@@@@@@@@@@@@@@@@@@@@@@@@
...............................@@@@@@@@@@@@@@@@@...............................X..........................@@@@@@@@@@.................................................................@....................@@@@@@@@@@@...................@@@@@@@@@@@@@@..@...@@@@
...............................@@@@@@@@@@@@@@@@................................X...........................@@@@@@@@@.....................................................................................@@@@@@@@@@@@@..................@@@@@@@@@@@.........@@@@
................................@@@@@@@@@@@@@..................................XXXXXXXXXXXXXXXXXXXX........@@@@@@@@@@..................................................................................@@@@@@@@@@@@@@@...................@@@@@@@@@@.......@@@@@@
...............................@@@@@@@@@@@@@.....................................................@XX........@@@@@@@@@@................................................................................@@@@@@@@@@@@@@@@@...................@@@@@@@@@@.....@@@@@@@
@............................@@@@@@@@@@@@@......................................................@@@X.........@@@@@@@@@@.............................................................................@@@@@@@@@@@@@.@@@@@@...................@@@@@@@@@@...@@@@@@@.
@........................@..@@@@@@@@@@@@@......................................................@@@@XX.........@@@@@@@@@...........................................................................@@@@@@@@@@@@@...@@@@@@@...................@@@@@@@@@.@@@@@@@@..
@@................@@...@@@@@@@@@@@@@@@@.......................................................@@@@@@XX.........@@@@@@@@@.........................................................................@@@@@@@@@@@@......@@@@@@...................@@@@@@@@@@@@@@@@....
@@...............@@@@.@@@@@@@@@@@@@@@@......................................................@@@@@@@@@XX........@@@@@@@@@@......................................................................@@@@@@@@@@@@@........@@@@@@...................@@@@@@@@@@@@@@.....
@@@..............@@@@@@@@@@@@@@@@@@@@......................................................@@@@@@@@@@@X.........@@@@@@@@@@...................................................................@@@@@@@@@@@@@...........@@@@@@...................@@@@@@@@@@@.......
@@@...............@@@@@@@@@@@@@@@@@......................................................@@@@@@@@@@@@@XX.........@@@@@@@@@.................................................................@@@@@@@@@@@@@@............@@@@@@@..................@@@@@@@@@.........
@@.................@@@@@@@@@@@@@@@......................................................@@@@@@@@@@@@@@@XX........@@@@@@@@@@...............................................................@@@@@@@@@@@@@...............@@@@@@...................@@@@@@@@@........
@................@@@@@@@@@@@@@@@......................................................@@@@@@@@@@@@@@@@@@X.........@@@@@@@@..............................................................@@@@@@@@@@@@@..................@@@@@@...................@@@@@@@@..@@....
................@@@@@@@@@@@@@@.......................................................@@@@@@@@@@@@@@@@@@@XX.........@@@@@..............................................................@@@@@@@@@@@@@@@@.................@@@@@@@...................@@@@@@@@@@@@...
..............@@@@@@@@@@@@@@@@@....................................................@@@@@@@@@@@@@@@@@@@@@@X.........@@@@..............................................................@@@@@@@@@@@@@@@@@..................@@@@@@@...................@@@@@@@@@@....
............@@@@@@@@@@@@@@@@@@@@..............................................@...@@@@@@@@@@@@@@@@@@@@@@.X..........@..............................................................@@@@@@@@@@@@@@@@@@@@..................@@@@@@....................@@@@@@@......
...........@@@@@@@@@@@@@@@@@@@@@@...........................................@@@@@@@@@@@@@@@@@@@@@@@@@@...X.......................................................................@@@@@@@@@@@@@@@@@@@@@@@..................@@@@@@...................@@@@@@@@.....
.........@@@@@@@@@@@@@@@@@@@@@@@@..........................................@@@@@@@@@@@@@@@@@@@@@@@@@@@...X......................................................................@@@@@@@@@@@@@@@@@@@@@@@@..................@@@@@@@...................@@@@@@@@....
........@@@@@@@@@@@...@@@@@@@@@@@@.......................................@@@@@@@@@@@@@@@@@@@@@@@@@@@@...XX....................................................................@@@@@@@@@@@@@@@@@@@@@@@@@@@..................@@@@@@@...................@@@@@@@@...
......@@@@@@@@@@@@....@@@@@@@@@@@@@.....................................@@@.@@@@@@@@@@@@@@@@@@@@@@@.....X...................................................................@@@@@@@@@@@@@@@@@@@@@@@@@@@@@@...............@@@@@@@@@@..................@@@@@@@@...
....@@@@@@@@@@@@.....@@@@@@@@@@@@@@@..................................@@@@...@@@@@@@@@@@@@@@@@@@@@......X..................................................................@@@@@@@@@@@@@@@@@@@@@@@@@@@@@@@.............@@@@@@@@@@@@@..................@@@@@@@@.@
...@@@@@@@@@@@@....@@@@@@@@@@@@@@@@@.@..............................@@@@......@@@@@@@@@@@@@@@@@@........X................................................................@@@@@@@@@@@@@@@@@@@@@@@@@@@@@@@@@@..........@@@@@@@@@@@@@@....................@@@@@@@@@
....@@@@@@@@@.....@@@@@@@@@@@@@@@@@@@@@............................@@@@.@......@@@@@@@@@@@@@@@@.........X..............................................................@@@@@@@@@@@@@@@@@@@@@@@@@@@@@@@@@@@..........@@@@@@@@@@@@@......................@@@@@@@@@
..@@@@@@@@@@@@...@@@@@@@@@@@@@@@@@@@@@@@.........................@@@@@@@@@...@@@@@@@@@@@@@@@@...........X.............................................................@@@@@@@@@@@@@@@@@@@@@@@@@@@@@@@@@@..........@@@@@@@@@@@@@.........................@@@@@@@@
@@@@@@@@@@@@@..@@@@@@@@@@@@@@@@@@@@@@@@@@.......................@@@@@@@@@@.@@@@.@@@@@@@@@@@@............X...........................................................@@@@@@@@@@@@@@@@@@@@@@@@@@@@@@@@@@..........@@@@@@@@@@@@@............................@@@@@@@
@@@@@@@@@@@...@@@@@@@@@@@@@@@@@@@@@@@@@@@.....................@@@@@@@@@@@@@@@@@@@@@@@@@@@@..............X.........................................................@@@@@@@@@@@@@@@@@@@@@@@@@@@@@@@@@@@.........@@@@@@@@@@@@@@..............................@@@@@@
@@@@@@@@@@.....@@@@@@@@@@@@@@@@@@@@@@@@@@@...................@@@@@@@@@@@@@@@...X.@@@@@@@@XXXXXXXXXXXXXXXX........................................................@@@@@@@@@@@@@@@@@@@@@@@@@@@@@@@@@@..........@@@@@@@@@@@@@................................@@@@@@
@@@@@@.@........@@@@@@@@@@@@@@@@@@@@@@@@@@@...................@@@@@@@@@@@@@@@..X..@@@@@XXX.....................................................................@@@@@@@@@@@@@@@@@@@@@@@@@@@@@@@@@@.............@@@@@@@@@@...................................@@@@@
@@@@............@@@@@@@@@@@@@@@@@@@@@@@@@@@....................@@@@@@@@@@@@@@..X..@@@@XX.....................................................................@@@@@@@@@@@@@@@@@@@@@@@@@@@@@@@@@@...............@@@@@@@@@.....................................@@@@
@@@@@............@@@@@@@@@@@@@@@@@@@@@@@@@...................@@@@@@@@@@@@@@@@@.X...@XXX....................................................................@@@@@@@@@@@@@@@@@@@@@@@@@@@@@@@@@@@.................@@@@@@.......................................@@@@
@@@@@.........@..@@@@@@@@@@@@@@@@@@@@@@@@@@.................@@@@@@@@@@@@@@@@@..XXXXXX.....................................................................@@@@@@@@@@@@@@@@@@@@@@@@@@@@@@@@@@...................@@@@..........................................@@@
@@@@@@......@@@@@@@@@@@@@@@@@@@@@@@@@@@@@@@................@@@@@@@@@@@@@@@@.............................................................................@@@@@@@@@@@@@@@@@@@@@@@@@@@@@@@@@@......................@.............................................@@
@@@@@@@...@@@@@@@@@@@@@@@@@@@@@@@@@@@@@@@@@@.............@@@@@@@@@@@@@@@@@............................................................................@@@@@@@@@@@@@@@@@@@@@@@@@@@@@@@@@@@......................................................................@
@@@@@@@..@@@@@@@@@@@@@@@@@@@@@@@@@@@@@@@@@@@@...........@@@@@@@@@@@@@@@@.............................................................................@@@@@@@@@@@@@@@@@@@@@@@@@@@@@@@@@@.........................................................................
@@@@@@@@.@@@@@@@@@@@@@@@@@@@@@@@@@@@@@@@@@@@@.........@@@@@@@@@@@@@@@@@............................................................................@@@@@@@@@@@@@@@@@@@@@@@@@@@@@@@@@@...........................................................................
@@@@@@@@.@@@@@@@@@@@@@@@@@@@@@@@@@@@@@@@@@@@@@.......@@@@@@@@@@@@@@@@@...........................................................................@@@@@@@@@@@@@@@@@@@@@@@@@@@@@@@@@@.............................................................................
@@@@@@@@@@@@@@@@@@@@@@@@@@@@@@@@@@...@@@@@@@@@......@@@@@@@@@@@@@@@@............................................................................@@@@@@@@@@@@@@@@@@@@@@@@@@@@@@@@@@...........@..................................................................
@@@@@@@@@@@@@@@@@@@@@@@@@@@@@@@@@@....@@@@@@@@@...@@@@@@@@@@@@@@@@@...........................................................................@@@@@@@@@@@@@@@@@@@@@@@@@@@@@@@@@@...........@@@@.................................................................
@@@@@@@@@@@@@@@@@@@@@@@@@@@@@@@@@@....@@@@@@@@@@.@@@@@@@@@@@@@@@@...........................................................................@@@@@@@@@@@@@@@@@@@@@@@@@@@@@@@@@@...........@@@@@@.................................................................
@@@@@@@@@@@@@@@@@@@@@@@@@@@@@@@@@@@....@@@@@@@@@.@@@@@@@@@@@@@@@...........................................................................@@@@@@@@@@@@@@@@@@@@@@@@@@@@@@@@@@..........@@@@@@@@@................................................................
.@@@@@@@@@@@@@@@@@@@@@@@@@@@@@@@@@...@@@@@@@@@@@@@@@@@@@@@@@@@...........................................................................@@@@@@@@@@@@@@@@@@@@@@@@@@@@@@@@@@..........@@@@@@@@@@@................................................................
.@@@@@@@@@@@@@@@@@@@@@@@@@@@@@@@@...@@@@@@@@@@@@@@@@@@@@@@@@@..........................................................................@@@@@@@@@@@@@@@@@@@@@@@@@@@@@@@@@@..........@@@@@@@@@@@@@@...............................................................
..@@@@@@@@@@@@@@@@@@@@@@@@@@@@@....@@@@@.@@@@@@@@@@@@@@@@@@@...........@..............................................................@@@@@@@@@@@@@@@@@@@@@@@@@@@@@@@@@..........@@@@@@@@@@@@@@@......................@.........................................
..@@@@@@@@@@@@@@@@@@@@@@@@@@@@...@@@@@....@@@@@@@@@@@@@@@@...........@@@@...........................................................@@@@@@@@@@@@@@@@@@@@@@@@@@@@@@@@@@.........@@@@@@@@@@@@@@@.......................@@@........................................
...@@@@@@@@@@@@@@@@@@@@@@@@@@...@@@@@......@@@@@@@@@@@@@@..........@@@@@@.........................................................@@@@@@@@@@@@@@@@@@@@@@@@@@@@@@@@@@.........@@@@@@@@@@@@@@@.......................@@@@@........................................
..@@@@@@@@@@@@@@@@@@@@@@@@@...@@@@@@.....@@@@@@@@@@@@.@...........@@@@@@.........................................................@@@@@@@@@@@@@@@@@@@@@@@@@@@@@@@@@..........@@@@@@@@@@@@@@@.......................@@@@@@@.......................................
.@@@@@@@@@@@@@@@@@@@@@@@@@...@@@@@......@@@@@@@@@@@@............@@@@@@...@........................................................@@@@@@@@@@@@@@@@@@@@@@@@@@@@@@@.........@@@@@@@@@@@@@@@........................@@@@@@@@.......................................
@@@@@@@@@@@@@@@@@@@@@@@@@...@@@@@......@@@@@@@@@@@............@@@@@@@..@@@@.......................................................@@@@@@@@@@@@@@@@@@@@@@@@@@@@@..........@@@@@@@@@@@@@@@.......................@@@@@@@@@@@......................................
@@@@@@@@@@@@@@@@@@@@@@@...@@@@@......@@@@@@@@@@@.............@@@@@@...@@@@@........................................................@@@@@@@@@@@@@@@@@@@@@@@@@@..........@@@@@@@@@@@@@@@.......................@@@@@@@@@@@@@......................................
@@@@@@@@@@@@@@@@@@@@@@@@@@@@@@......@@@@@@@@@@@@@@.........@@@@@@....@@@@@@@.......................................................@@@@@@@@@@@@@@@@@@@@@@@@..........@@@@@@@@@@@@@@@.......................@@@@@@@@@@@@@@@@.....................................
@@@@@@@@@@@@@@@@@@@@@@@@@@@@@......@@@@@@@@@@@@@@@@.......@@@@@@@@.@@@@@@@@@........................................................@@@@@@@@@@@@@@@@@@@@@@..........@@@@@@@@@@@@@@@......................@@@@@@@@@@@@@@@@@@@....................................
@@@@@@@@@@@@@@@@@@@...@@@@@....@.@@@@@@@@@@@..@@@@......@@@@@@@.@@@@@@@@@@@@@.......................................................@@@@@@@@@@@@@@@@@@@@..........@@@@@@@@@@@@@@@.......................@@@@@@@@@@@@@@@@@@@@....................................
@@@@@@@@@@@@@@@@@@@@.........@@@@@@@@@@@@@@....@......@@@@@@@...@@@@@@@@@@@@@........................................................@@@@@@@@@@@@@@@@@...........@@@@@@@@@@@@@@@......................@@@@@@@@@@@@@@.@@@@@@@@...................................
@@@@@@@@@@.@@@@@@@@@@......@@@@@@@@@@@@@@@...........@@@@@@...@@@@@@@@@@@@@@@@........................................................@@@@@@@@@@@@@@@..........@@@@@@@@@@@@@@@......................@@@@@@@@@@@@@@...@@@@@@@@...................................
@@@@@@@@...@@@@@@@@@@@....@@@@@@@@@@@@@@.............@@@@....@@@@@@@@@@@@@@@@.........................................................@@@@@@@@@@@@@..........@@@@@@@@@@@@@@@......................@@@@@@@@@@@@@@@.....@@@@@@@@..................................
.@@@@@......@@@@@@@@@@....@@@@@@@@@@@@@...............@@......@@@@@@@@@@@@@............................................................@@@@@@@@@@...........@@@@@@@@@@@@@@......................@@@@@@@@@@@@@@@.......@@@@@@@@..................................
.@@@@@@.....@@@@@@@@@@@....@@@@@@@@@@@........................@@@@@@@@@@@@.....@.......................................................@@@@@@@@..............@@@@@@@@@@@.......................@@@@@@@@@@@@@@..........@@@@@@@@.................................
..@@@@@......@@@@@@@@@@@.@@@@@@@@@@@...........................@@@@@@@@@.....@@@@.......................................................@@@@@@................@@@@@@@@@......................@@@@@@@@@@@@@@@...........@@@@@@@@@................................
...@@@@@......@@@@@@@@@@@@@@@@@@@@@............................@@@@@@@@....@@@@@@@......................................................@@@@..................@@@@@@@......................@@@@@@@@@@@@@@@..............@@@@@@@@................................
...@@@@@@.....@@@@@@@@@@@@@@@@@@@@.......................@......@@@@@.....@@@@@@@@.......................................................@.....................@@@@......................@@@@@@@@@@@@@@@................@@@@@@@@@...............................
....@@@@@......@@@@@@@@@@@@@@@.@.......................@@@@.....@@@@....@@@@@@@@@@@.............................................................................@......................@@@@@@@@@@@@@@@...................@@@@@@@@...............................
....@@@@@@......@@@@@@@@@@@@@........................@@@@@@......@.....@@@@@@@@@@@....................................................................................................@@@@@@@@@@@@@@...................@@@@@@@@@@@..............................
.....@@@@@@.....@@@@@@@@@@@.........................@@@@@@@@..........@@@@@@@@@@....................................................................................................@@@@@@@@@@@@@@@@@................@@@@@@@@@@@@@..............................
......@@@@@@.....@@@@@@@@@@@.............@@.........@@@@@@@@...........@@@@@@@@...................................................................................................@@@@@@@@@@@@@@@@@@@...............@@@@@@@@@@@@@@@.............................
......@@@@@@.....@@@@@@@@@.............@@@@@.........@@@@@@............@@@@@@....................................................................................................@@@@@@@@@@@@@@@@@@@@@............@@@@@@@@@@@@@@@@@@............................
.......@@@@@@.....@@@@@@@@@..........@@@@@@@.........@@@@......@........@@@@...................................................................................................@@@@@@@@@@@@@@@@@@@@@@@..........@@@@@@@@@@@@@@@@@@@@............................
........@@@@@@.....@@@@@@@@.........@@@@@@@@@.........@......@@@@........@....................................................................................................@@@@@@@@@@@@@@@@@@@@@@@@@.......@@@@@@@@@@@@@@@@@@@@@@@...........................
........@@@@@@.....@@@@..@@@..@......@@@@@@@@..............@@@@@@...........................................................................................................@@@@@@@@@@@@@@@@@@@@@@@@@@@......@@@@@@@@@@@@@@@@.@@@@@@@@..........................
.........@@@@@@.....@....@@@.@@@.....@@@@@@@@@............@@@@@@@@........................................................................................................@@@@@@@@@@@@@@@@@@@@@@@@@@@@@@...@@@@@@@@@@@@@@@@...@@@@@@@@..........................
.........@@@@@@@..........@@@@@@......@@@@@@@@@.........@@@@@@@@@@@......................................................................................................@@@@@@@@@@@@@@@@@@@@@@@@@@@@@@@.@@@@@@@@@@@@@@@@......@@@@@@@@.........................
..........@@@@@@........@@@@@@@@@.....@@@@@@@@@........@@@@@@@@@@@@....................................................................................................@@@@@@@@@@@@@@@@@@@@@@@@@@@@@@@@@@@@@@@@@@@@@@@@@.......@@@@@@@@@........................
...........@@@@@@......@@@@@@@@@@@.....@@@@@@@@@.....@@@@@@@@@@@@@@@.................................................................................................@@@@@@@@@@@@@@@@@@@@@@@@@@@@@@@@@@@@@@@@@@@@@@@@@..........@@@@@@@@........................
...........@@@@@......@@@@@@@@@@@@@.....@@@@@@@@...@@@@@@@@@@@@@@@@.................................................................................................@@@@@@@@@@@@@@@@@@@@@@@@@@@@@@@@@@@@@@@@@@@@@@@@............@@@@@@@@@.......................
............@@.........@@@@@@@@@@@@.....@@@@@@@@@@@@@@@@@@@@@@@@@.................................................................................................@@@@@@@@@@@@@@@@@@@@@@@@@@@@@@@@@@@@@@@@@@@@@@@@...............@@@@@@@@.......................
.......................@@@@@@@@@@@@@.....@@@@@@@@@@@@@@@@@@@@@@@................................................................................................@@@@@@@@@@@@@@@@.@@@@@@@@@@@@@@@@@@@@@@@@@@@@@@@@................@@@@@@@@@......................
........................@@@@@@@@@@@@@....@@@@@@@@@@@@@@@@@@@@@................................................................................................@@@@@@@@@@@@@@@@...@@@@@@@@@@@@@@@@@@@@@@@@@@@@@@...................@@@@@@@@......................
.........................@@@@@@@@@@@@.....@@@@@@@@@@@@@@@@@@@...............................................................................................@@@@@@@@@@@@@@@@......@@@@@@@@@@@@@@@@@@@@@@@@@@@...................@@@@@@@@@@@.....................
..........................@@@@@@@@@@@@.....@@@@@@@@@@@@@@@@................................................................................................@@@@@@@@@@@@@@@........@@@@@@@@@@@@@@@@@@@@@@@@@@@@................@@@@@@@@@@@@@.....................
..........................@@@@@@@@@@@@@....@@@@@@@@@@@@@@................................................................................................@@@@@@@@@@@@@@@...........@@@@@@@@@@@@@@@@@@@@@@@@@@@...............@@@@@@@@@@@@@@@..................@@
...........................@@@@@@@@@@@@.....@@@@@@@@@@@@...............................................................................................@@@@@@@@@@@@@@@@............@@@@@@@@@@@@@@@@@@@@@@@@@@@@............@@@@@@@@@@@@@@@@@@...............@@@@
............................@@@@@@@@@@@@.....@@@@@@@@@............................@...................................................................@@@@@@@@@@@@@@@...............@@@@@@@@@@@@@@@@@@@@@@@@@@@..........@@@@@@@@@@@@@@@@@@@@..............@@@@@
.............................@@@@@@@@@@@@....@@@@@@@@...........................@@@@...................................................................@@@@@@@@@@@@.................@@@@@@@@@@@@@@@@@@@@@@@@@@@@.......@@@@@@@@@@@@@@@@@@@@@@@..............@@@@
@............................@@@@@@@@@@@@@....@@@@@@..........................@@@@@@...................................................................@@@@@@@@@@@...................@@@@@@@@@@@@@@@@@@@@@@@@@@@......@@@@@@@@@@@@@@@.@@@@@@@@..............@@@@
@.............................@@@@@@@@@@@@....@@@@@.........................@@@@@@@@@......................@............................................@@@@@@@@...................@@@@@@@@@@@@@@@@@@@@@@@@@@@@@@...@@@@@@@@@@@@@@@...@@@@@@@@@..............@@@
@@........................@..@@@@@@@@@@@@@@....@@.........................@@@@@@@@@@@....................@@@@...........................................@@@@@@@@@................@@@@@@@@@@@@@@@@@@@@@@@@@@@@@@@@.@@@@@@@@@@@@@@@......@@@@@@@@@..............@@
@@......................@@@@@@@@@@@@@@@@@@..............................@@@@@@@@@@@@.................@@@@@@@@............................................@@@@@@@@...............@@@@@@@@@@@@@@@@@@@@@@@@@@@@@@@@@@@@@@@@@@@@@@@@........@@@@@@@@..............@@
@......................@@@@@@@@@@@@@@@@@...............................@@@@@@@@@@@.................@@@@@@@@@.............................................@@@@@@@@@............@@@@@@@@@@@@@@@@@@@@@@@@@@@@@@@@@@@@@@@@@@@@@@@@..........@@@@@@@@@..............@
......................@@@@@@@@@@@@@@@@@.................................@@@@@@@@.................@@@@@@@@@................................................@@@@@@@@..........@@@@@@@@@@@@@@@@@@@@@@@@@@@@@@@@@@@@@@@@@@@@@@@@@............@@@@@@@@@..............
.......................@@@@@@@@@@@@@@@..................................@@@@@@@.................@@@@@@@@...................................................@@@@@@@@.......@@@@@@@@@@@@@@@@@@@@@@@@@@@@@@@@@@@@@@@@@@@@@@@@@...............@@@@@@@@..............
.......................@@@@@@@@@@@@@.....................................@@@@..........@......@@@@@@@@@@@.........@........................................@@@@@@@@......@@@@@@@@@@@@@@@.@@@@@@@@@@@@@@@@@@@@@@@@@@@@@@@@.................@@@@@@@@@.............
........................@@@@@@@@@@@.......................................@..........@@@@...@@@@@@@@@.@@........@@@@........................................@@@@@@@@...@@@@@@@@@@@@@@@...@@@@@@@@@@@@@@@@@@@@@@@@@@@@@@@...................@@@@@@@@@............
........................@@@@@@@@@@.................................................@@@@@@.@@@@@@@@@...........@@@@@@........................................@@@@@@@@.@@@@@@@@@@@@@@@......@@@@@@@@@@@@@@@@@@@@@@@@@@@@...................@@@@@@@@@@@............
.........................@@@@@@@......................................@...........@@@@@@@@@@@@@@@@@@........@@@@@@@..........................................@@@@@@@@@@@@@@@@@@@@@@.......@@@@@@@@@@@@@@@@@@@@@@@@@@@@@................@@@@@@@@@@@@@@...........
